14:45:21 **** Build of configuration Debug for project Mblaze_pwm_keypad_app ****
make all 
'Building file: ../src/helloworld.c'
'Invoking: MicroBlaze gcc compiler'
mb-gcc -Wall -O0 -g3 -c -fmessage-length=0 -MT"src/helloworld.o" -IC:/Users/SUJIN/Desktop/sg_workspace/SoC_soc_24/vitis_SoC_24/Mblaze_keypad_pwm_hw_v2/export/Mblaze_keypad_pwm_hw_v2/sw/Mblaze_keypad_pwm_hw_v2/standalone_domain/bspinclude/include -mno-xl-reorder -mlittle-endian -mxl-barrel-shift -mxl-pattern-compare -mcpu=v11.0 -mno-xl-soft-mul -Wl,--no-relax -ffunction-sections -fdata-sections -MMD -MP -MF"src/helloworld.d" -MT"src/helloworld.o" -o "src/helloworld.o" "../src/helloworld.c"
../src/helloworld.c: In function 'main':
../src/helloworld.c:90:3: warning: implicit declaration of function 'MB_Sleep' [-Wimplicit-function-declaration]
   MB_Sleep(1000);
   ^~~~~~~~
../src/helloworld.c:66:9: warning: variable 'key_value' set but not used [-Wunused-but-set-variable]
     u32 key_value =0;
         ^~~~~~~~~
../src/helloworld.c:65:9: warning: variable 'pwm' set but not used [-Wunused-but-set-variable]
     u32 pwm =0;
         ^~~
'Finished building: ../src/helloworld.c'
' '
'Building file: ../src/platform.c'
'Invoking: MicroBlaze gcc compiler'
mb-gcc -Wall -O0 -g3 -c -fmessage-length=0 -MT"src/platform.o" -IC:/Users/SUJIN/Desktop/sg_workspace/SoC_soc_24/vitis_SoC_24/Mblaze_keypad_pwm_hw_v2/export/Mblaze_keypad_pwm_hw_v2/sw/Mblaze_keypad_pwm_hw_v2/standalone_domain/bspinclude/include -mno-xl-reorder -mlittle-endian -mxl-barrel-shift -mxl-pattern-compare -mcpu=v11.0 -mno-xl-soft-mul -Wl,--no-relax -ffunction-sections -fdata-sections -MMD -MP -MF"src/platform.d" -MT"src/platform.o" -o "src/platform.o" "../src/platform.c"
'Finished building: ../src/platform.c'
' '
'Building target: Mblaze_pwm_keypad_app.elf'
'Invoking: MicroBlaze gcc linker'
mb-gcc -Wl,-T -Wl,../src/lscript.ld -LC:/Users/SUJIN/Desktop/sg_workspace/SoC_soc_24/vitis_SoC_24/Mblaze_keypad_pwm_hw_v2/export/Mblaze_keypad_pwm_hw_v2/sw/Mblaze_keypad_pwm_hw_v2/standalone_domain/bsplib/lib -mlittle-endian -mxl-barrel-shift -mxl-pattern-compare -mcpu=v11.0 -mno-xl-soft-mul -Wl,--no-relax -Wl,--gc-sections -o "Mblaze_pwm_keypad_app.elf"  ./src/helloworld.o ./src/platform.o   -Wl,--start-group,-lxil,-lgcc,-lc,--end-group
'Finished building target: Mblaze_pwm_keypad_app.elf'
' '
'Invoking: MicroBlaze Print Size'
mb-size Mblaze_pwm_keypad_app.elf  |tee "Mblaze_pwm_keypad_app.elf.size"
   text	   data	    bss	    dec	    hex	filename
   6356	    632	   3108	  10096	   2770	Mblaze_pwm_keypad_app.elf
'Finished building: Mblaze_pwm_keypad_app.elf.size'
' '

14:45:23 Build Finished (took 1s.801ms)

