15:47:08 **** Incremental Build of configuration Debug for project Mblaze_iic_app ****
make all 
'Building file: ../src/helloworld.c'
'Invoking: MicroBlaze gcc compiler'
mb-gcc -Wall -O0 -g3 -c -fmessage-length=0 -MT"src/helloworld.o" -IC:/Users/SUJIN/Desktop/sg_workspace/SoC_soc_24/vitis_SoC_24/Mblaze_iic_hw_v/export/Mblaze_iic_hw_v/sw/Mblaze_iic_hw_v/standalone_domain/bspinclude/include -mno-xl-reorder -mlittle-endian -mxl-barrel-shift -mxl-pattern-compare -mcpu=v11.0 -mno-xl-soft-mul -Wl,--no-relax -ffunction-sections -fdata-sections -MMD -MP -MF"src/helloworld.d" -MT"src/helloworld.o" -o "src/helloworld.o" "../src/helloworld.c"
../src/helloworld.c: In function 'main':
../src/helloworld.c:61:6: warning: implicit declaration of function 'MB_Sleep' [-Wimplicit-function-declaration]
      MB_Sleep(1000);
      ^~~~~~~~
'Finished building: ../src/helloworld.c'
' '
'Building target: Mblaze_iic_app.elf'
'Invoking: MicroBlaze gcc linker'
mb-gcc -Wl,-T -Wl,../src/lscript.ld -LC:/Users/SUJIN/Desktop/sg_workspace/SoC_soc_24/vitis_SoC_24/Mblaze_iic_hw_v/export/Mblaze_iic_hw_v/sw/Mblaze_iic_hw_v/standalone_domain/bsplib/lib -mlittle-endian -mxl-barrel-shift -mxl-pattern-compare -mcpu=v11.0 -mno-xl-soft-mul -Wl,--no-relax -Wl,--gc-sections -o "Mblaze_iic_app.elf"  ./src/helloworld.o ./src/platform.o   -Wl,--start-group,-lxil,-lgcc,-lc,--end-group
'Finished building target: Mblaze_iic_app.elf'
' '
'Invoking: MicroBlaze Print Size'
mb-size Mblaze_iic_app.elf  |tee "Mblaze_iic_app.elf.size"
   text	   data	    bss	    dec	    hex	filename
   2064	    268	   3108	   5440	   1540	Mblaze_iic_app.elf
'Finished building: Mblaze_iic_app.elf.size'
' '

15:47:09 Build Finished (took 1s.77ms)

