14:23:33 **** Incremental Build of configuration Debug for project Mblaze_dht11_app ****
make all 
'Building file: ../src/helloworld.c'
'Invoking: MicroBlaze gcc compiler'
mb-gcc -Wall -O0 -g3 -c -fmessage-length=0 -MT"src/helloworld.o" -IC:/Users/SUJIN/Desktop/sg_workspace/SoC_soc_24/vitis_SoC_24/Mblaze_dht11_v2_hw/export/Mblaze_dht11_v2_hw/sw/Mblaze_dht11_v2_hw/standalone_domain/bspinclude/include -mno-xl-reorder -mlittle-endian -mxl-barrel-shift -mxl-pattern-compare -mcpu=v11.0 -mno-xl-soft-mul -Wl,--no-relax -ffunction-sections -fdata-sections -MMD -MP -MF"src/helloworld.d" -MT"src/helloworld.o" -o "src/helloworld.o" "../src/helloworld.c"
../src/helloworld.c:120:41: warning: initialization of 'volatile unsigned int *' from 'unsigned int' makes pointer from integer without a cast [-Wint-conversion]
 volatile unsigned int *dht11_instance = (volatile unsigned int)DHT_ADDR;
                                         ^
../src/helloworld.c: In function 'main':
../src/helloworld.c:161:3: warning: implicit declaration of function 'MB_Sleep'; did you mean 'mb_sleep'? [-Wimplicit-function-declaration]
   MB_Sleep(1000);
   ^~~~~~~~
   mb_sleep
'Finished building: ../src/helloworld.c'
' '
'Building target: Mblaze_dht11_app.elf'
'Invoking: MicroBlaze gcc linker'
mb-gcc -Wl,-T -Wl,../src/lscript.ld -LC:/Users/SUJIN/Desktop/sg_workspace/SoC_soc_24/vitis_SoC_24/Mblaze_dht11_v2_hw/export/Mblaze_dht11_v2_hw/sw/Mblaze_dht11_v2_hw/standalone_domain/bsplib/lib -mlittle-endian -mxl-barrel-shift -mxl-pattern-compare -mcpu=v11.0 -mno-xl-soft-mul -Wl,--no-relax -Wl,--gc-sections -o "Mblaze_dht11_app.elf"  ./src/helloworld.o ./src/platform.o   -Wl,--start-group,-lxil,-lgcc,-lc,--end-group
'Finished building target: Mblaze_dht11_app.elf'
' '
'Invoking: MicroBlaze Print Size'
mb-size Mblaze_dht11_app.elf  |tee "Mblaze_dht11_app.elf.size"
   text	   data	    bss	    dec	    hex	filename
   9224	    656	   3216	  13096	   3328	Mblaze_dht11_app.elf
'Finished building: Mblaze_dht11_app.elf.size'
' '

14:23:34 Build Finished (took 1s.215ms)

