14:42:54 **** Build of configuration Debug for project Mblaze_fnd_cntr_v2_app ****
make all 
'Building file: ../src/helloworld.c'
'Invoking: MicroBlaze gcc compiler'
mb-gcc -Wall -O0 -g3 -c -fmessage-length=0 -MT"src/helloworld.o" -IC:/Users/SUJIN/Desktop/sg_workspace/SoC_soc_24/vitis_SoC_24/Mblaze_fnd_bin2dec_v2_hw/export/Mblaze_fnd_bin2dec_v2_hw/sw/Mblaze_fnd_bin2dec_v2_hw/standalone_domain/bspinclude/include -mno-xl-reorder -mlittle-endian -mxl-barrel-shift -mxl-pattern-compare -mcpu=v11.0 -mno-xl-soft-mul -Wl,--no-relax -ffunction-sections -fdata-sections -MMD -MP -MF"src/helloworld.d" -MT"src/helloworld.o" -o "src/helloworld.o" "../src/helloworld.c"
../src/helloworld.c: In function 'main':
../src/helloworld.c:61:48: warning: initialization of 'volatile unsigned int *' from 'unsigned int' makes pointer from integer without a cast [-Wint-conversion]
     volatile unsigned int *fnd_cntr_instance = (volatile unsigned int)FND_BASEADDR;
                                                ^
../src/helloworld.c:69:6: warning: implicit declaration of function 'MB_Sleep' [-Wimplicit-function-declaration]
      MB_Sleep(1000);
      ^~~~~~~~
'Finished building: ../src/helloworld.c'
' '
'Building file: ../src/platform.c'
'Invoking: MicroBlaze gcc compiler'
mb-gcc -Wall -O0 -g3 -c -fmessage-length=0 -MT"src/platform.o" -IC:/Users/SUJIN/Desktop/sg_workspace/SoC_soc_24/vitis_SoC_24/Mblaze_fnd_bin2dec_v2_hw/export/Mblaze_fnd_bin2dec_v2_hw/sw/Mblaze_fnd_bin2dec_v2_hw/standalone_domain/bspinclude/include -mno-xl-reorder -mlittle-endian -mxl-barrel-shift -mxl-pattern-compare -mcpu=v11.0 -mno-xl-soft-mul -Wl,--no-relax -ffunction-sections -fdata-sections -MMD -MP -MF"src/platform.d" -MT"src/platform.o" -o "src/platform.o" "../src/platform.c"
'Finished building: ../src/platform.c'
' '
'Building target: Mblaze_fnd_cntr_v2_app.elf'
'Invoking: MicroBlaze gcc linker'
mb-gcc -Wl,-T -Wl,../src/lscript.ld -LC:/Users/SUJIN/Desktop/sg_workspace/SoC_soc_24/vitis_SoC_24/Mblaze_fnd_bin2dec_v2_hw/export/Mblaze_fnd_bin2dec_v2_hw/sw/Mblaze_fnd_bin2dec_v2_hw/standalone_domain/bsplib/lib -mlittle-endian -mxl-barrel-shift -mxl-pattern-compare -mcpu=v11.0 -mno-xl-soft-mul -Wl,--no-relax -Wl,--gc-sections -o "Mblaze_fnd_cntr_v2_app.elf"  ./src/helloworld.o ./src/platform.o   -Wl,--start-group,-lxil,-lgcc,-lc,--end-group
'Finished building target: Mblaze_fnd_cntr_v2_app.elf'
' '
'Invoking: MicroBlaze Print Size'
mb-size Mblaze_fnd_cntr_v2_app.elf  |tee "Mblaze_fnd_cntr_v2_app.elf.size"
   text	   data	    bss	    dec	    hex	filename
   6232	    632	   3104	   9968	   26f0	Mblaze_fnd_cntr_v2_app.elf
'Finished building: Mblaze_fnd_cntr_v2_app.elf.size'
' '

14:42:56 Build Finished (took 1s.714ms)

